sdfgege
